// Vitest Snapshot v1, https://vitest.dev/guide/snapshot.html

exports[`NotFoundPage > matches the snapshot 1`] = `
<div>
  <div
    class="mx-auto flex min-h-[70vh] flex-col items-center justify-center px-4 text-center"
  >
    <h2
      class="text-3xl font-bold mb-4"
    >
      404 - Page Not Found
    </h2>
    <p
      class="text-muted-foreground mb-8"
    >
      Sorry, the page you're looking for doesn't exist.
    </p>
    <a
      class="inline-flex items-center justify-center gap-2 whitespace-nowrap rounded-md text-sm font-medium transition-all disabled:pointer-events-none disabled:opacity-50 [&_svg]:pointer-events-none [&_svg:not([class*='size-'])]:size-4 shrink-0 [&_svg]:shrink-0 outline-none focus-visible:border-ring focus-visible:ring-ring/50 focus-visible:ring-[3px] aria-invalid:ring-destructive/20 dark:aria-invalid:ring-destructive/40 aria-invalid:border-destructive bg-primary text-primary-foreground shadow-xs hover:bg-primary/90 h-9 px-4 py-2 has-[>svg]:px-3"
      data-discover="true"
      data-slot="button"
      href="/"
    >
      Go Home
    </a>
  </div>
     
</div>
`;
